current directory: /Users/sena/runteq/pf/yorimichibot/vendor/bundle/ruby/3.3.0/gems/msgpack-1.6.0/ext/msgpack
/Users/sena/.rbenv/versions/3.3.11/bin/ruby extconf.rb
checking for ruby/st.h... yes
checking for st.h... no
checking for rb_enc_interned_str() in ruby.h... yes
checking for rb_hash_new_capa() in ruby.h... yes
creating Makefile

current directory: /Users/sena/runteq/pf/yorimichibot/vendor/bundle/ruby/3.3.0/gems/msgpack-1.6.0/ext/msgpack
make DESTDIR\= sitearchdir\=./.gem.20260507-44024-id747j sitelibdir\=./.gem.20260507-44024-id747j clean

current directory: /Users/sena/runteq/pf/yorimichibot/vendor/bundle/ruby/3.3.0/gems/msgpack-1.6.0/ext/msgpack
make DESTDIR\= sitearchdir\=./.gem.20260507-44024-id747j sitelibdir\=./.gem.20260507-44024-id747j
compiling buffer.c
compiling buffer_class.c
compiling extension_value_class.c
compiling factory_class.c
compiling packer.c
compiling packer_class.c
compiling packer_ext_registry.c
compiling rbinit.c
compiling rmem.c
compiling unpacker.c
compiling unpacker_class.c
compiling unpacker_ext_registry.c
linking shared-object msgpack/msgpack.bundle

current directory: /Users/sena/runteq/pf/yorimichibot/vendor/bundle/ruby/3.3.0/gems/msgpack-1.6.0/ext/msgpack
make DESTDIR\= sitearchdir\=./.gem.20260507-44024-id747j sitelibdir\=./.gem.20260507-44024-id747j install
/usr/local/bin/ginstall -c -m 0755 msgpack.bundle ./.gem.20260507-44024-id747j/msgpack

current directory: /Users/sena/runteq/pf/yorimichibot/vendor/bundle/ruby/3.3.0/gems/msgpack-1.6.0/ext/msgpack
make DESTDIR\= sitearchdir\=./.gem.20260507-44024-id747j sitelibdir\=./.gem.20260507-44024-id747j clean
